nohup: ignoring input
W1122 01:35:12.562000 139935235900480 torch/distributed/run.py:779] 
W1122 01:35:12.562000 139935235900480 torch/distributed/run.py:779] *****************************************
W1122 01:35:12.562000 139935235900480 torch/distributed/run.py:779] Setting OMP_NUM_THREADS environment variable for each process to be 1 in default, to avoid your system being overloaded, please further tune the variable for optimal performance in your application as needed. 
W1122 01:35:12.562000 139935235900480 torch/distributed/run.py:779] *****************************************
W1122 01:35:13.488000 139935235900480 torch/distributed/elastic/agent/server/api.py:688] Received Signals.SIGHUP death signal, shutting down workers
W1122 01:35:13.489000 139935235900480 torch/distributed/elastic/multiprocessing/api.py:858] Sending process 46202 closing signal SIGHUP
W1122 01:35:13.489000 139935235900480 torch/distributed/elastic/multiprocessing/api.py:858] Sending process 46203 closing signal SIGHUP
W1122 01:35:13.489000 139935235900480 torch/distributed/elastic/multiprocessing/api.py:858] Sending process 46204 closing signal SIGHUP
W1122 01:35:13.489000 139935235900480 torch/distributed/elastic/multiprocessing/api.py:858] Sending process 46205 closing signal SIGHUP
Traceback (most recent call last):
  File "/users/Oscardd5/anaconda3/envs/torch24/bin/torchrun", line 33, in <module>
    sys.exit(load_entry_point('torch==2.4.1', 'console_scripts', 'torchrun')())
  File "/users/Oscardd5/anaconda3/envs/torch24/lib/python3.10/site-packages/torch/distributed/elastic/multiprocessing/errors/__init__.py", line 348, in wrapper
    return f(*args, **kwargs)
  File "/users/Oscardd5/anaconda3/envs/torch24/lib/python3.10/site-packages/torch/distributed/run.py", line 901, in main
    run(args)
  File "/users/Oscardd5/anaconda3/envs/torch24/lib/python3.10/site-packages/torch/distributed/run.py", line 892, in run
    elastic_launch(
  File "/users/Oscardd5/anaconda3/envs/torch24/lib/python3.10/site-packages/torch/distributed/launcher/api.py", line 133, in __call__
    return launch_agent(self._config, self._entrypoint, list(args))
  File "/users/Oscardd5/anaconda3/envs/torch24/lib/python3.10/site-packages/torch/distributed/launcher/api.py", line 255, in launch_agent
    result = agent.run()
  File "/users/Oscardd5/anaconda3/envs/torch24/lib/python3.10/site-packages/torch/distributed/elastic/metrics/api.py", line 124, in wrapper
    result = f(*args, **kwargs)
  File "/users/Oscardd5/anaconda3/envs/torch24/lib/python3.10/site-packages/torch/distributed/elastic/agent/server/api.py", line 680, in run
    result = self._invoke_run(role)
  File "/users/Oscardd5/anaconda3/envs/torch24/lib/python3.10/site-packages/torch/distributed/elastic/agent/server/api.py", line 835, in _invoke_run
    time.sleep(monitor_interval)
  File "/users/Oscardd5/anaconda3/envs/torch24/lib/python3.10/site-packages/torch/distributed/elastic/multiprocessing/api.py", line 79, in _terminate_process_handler
    raise SignalException(f"Process {os.getpid()} got signal: {sigval}", sigval=sigval)
torch.distributed.elastic.multiprocessing.api.SignalException: Process 46184 got signal: 1
